---
source: tests/cli.rs
expression: test_output
input_file: test-files/unary/3.unary
---
status: 0
stdout:
  - "-inf"
stderr: []
