---
source: tests/cli.rs
expression: test_output
input_file: test-files/unary/24.unary
---
status: 0
stdout:
  - "21"
stderr: []
