---
source: tests/cli.rs
expression: test_output
input_file: test-files/grouping/9.grouping
---
status: 0
stdout:
  - "8740.6"
stderr: []
